125744370.0
125744370.0
125744370.0
125744370.0
125744370.0
