

bdcd
0001
bbcaa
00001
bbcaabb
0100101
bbabb
01001
bbaaab
010001
bbaaabbcad
0100010001
bbaaabbcadabc
0100010001001
bbaaabbcadabcb
01000100010011
bbaaabbcadabcbba
0100010001001101
bbaaabbcadabcbbabcda
