44
17
15
0
12
23
0
0
4
0
9
8
11
7
0
28
0
40
10
1
0
21
0
32
0
5
0
0
0
0
3
0
0
22
13
37
0
12
3
0
0
3
0
0
5
0
1
0
0
0
0
0
0
0
0
27
18
33
26
0
0
11
51
26
11
81
46
77
0
0
0
0
0
0
0
2
0
0
11
57
24
5
39
58
0
21
5
10
0
0
0
0
21
21
0
0
0
0
16
