5211 18456 18456 18456 18456 18456 18456 18456 89172 297539
5211 18456 18456 18456 18456 18456 18456 18456 89172 297539
5211 18456 18456 18456 18456 18456 18456 18456 174067 297539
18456 18456 18456 18456 18456 18456 18456 18456 175011 297539
18456 18456 18456 18456 18456 18456 18456 175011 297539 297539
18456 18456 18456 18456 18456 18456 175011 297539 297539 297539
18456 18456 18456 18456 18456 126505 297539 297539 297539 297539
18456 18456 18456 18456 126505 210012 297539 297539 297539 297539
18456 18456 18456 126505 210012 210012 297539 297539 297539 297539
18456 18456 126505 210012 210012 210012 297539 297539 297539 297539
