7
2
8
8
no
3
5
1
1
8
8
11
4
8
7
8
4
5
5
2
11
5
7
8
4
5
5
2
11
5
5
3
11
7
7
11
7
11
7
7
11
11
8
9
11
4
7
11
11
9
11
yes
8
5
7
11
11
11
11
11
11
no
1
7
3
9
no
1
8
5
5
8
10
8
11
11
11
10
yes
1
no
1
no
1
no
1
no
1
no
