NO
122
50
101
122
NO
101
NO
NO
NO
69
NO
NO
NO
NO
NO
NO
58
50
NO
NO
2
16
71
NO
101
58
101
NO
13
NO
88
NO
NO
71
NO
NO
71
88
35
NO
71
NO
NO
71
101
NO
NO
71
NO
NO
NO
2
50
NO
NO
88
NO
NO
161
49
71
NO
131
NO
NO
92
NO
NO
88
6
NO
NO
71
NO
71
NO
NO
131
NO
6
58
101
NO
NO
NO
71
131
NO
69
49
NO
82
50
56
55
NO
54
69
NO
NO
58
91
131
101
69
NO
NO
NO
NO
NO
NO
6
69
NO
NO
NO
NO
56
101
100
NO
NO
92
NO
9
55
NO
NO
NO
NO
6
71
NO
131
71
NO
NO
55
NO
NO
101
54
56
NO
58
NO
NO
NO
NO
NO
NO
71
NO
71
NO
88
NO
NO
101
101
88
NO
16
54
55
NO
NO
NO
131
NO
NO
NO
54
56
88
92
88
NO
NO
NO
69
9
NO
NO
NO
54
NO
50
NO
NO
NO
131
NO
101
NO
NO
71
NO
NO
