215678277
753701416
192560331
897801805
722729062
640139162
