296800
296516
296516
296516
296517
296535
296516
296516
296517
296516
296566
296516
296517
296516
296516
296535
296517
296516
296516
296516
296593
296516
296516
296516
296517
296582
296516
296516
296517
296516
296566
296516
296517
296516
296516
296535
296517
296516
296516
296516
296593
296516
296516
296516
296517
296535
296516
296516
296517
296516
296668
