28
1 2 3 4 5 6 7 8 9 10 11 12 13 14 15 16 17 1 8 12 21 21 18 18 17 14 4 
