332748119
1
690144248
0
623902724
159719102
831870298
19125054
808178634
0
3
366542854
43380742
857866247
332748119
19964891
2
298857112
221832081
0
