0
1
2
3
20
55
210
1225
4760
26145
157850
811195
5345340
35170135
222472250
700063568
600270116
212783524
821987644
333098088
