510345344 901730021 173705923 78909345 850202730 245313396 707129162 288499943 824790190 763505646 645334419 
