4999364
12537451
8464856
2511749
724642
4057856
994436
4699031
1091587
203760
8416835
7470125
8511313
5425880
12379322
2599594
9654538
17902946
20850292
1541375
6562774
20218167
2087440
9918421
6275812
19736722
20570127
9646221
15692800
21164994
4546424
9705279
533374
7270790
3607361
19979790
14195124
20437876
2409467
19751066
19489512
149706
2940528
2882452
9442684
5120896
2937799
18795595
5807253
10264503
3405000
1303965
36922
1779609
732405
16210432
3509497
5182390
10067391
18582863
6404853
2111768
4020219
1257583
11126210
21641815
3628132
18757535
1356453
21382455
3176659
12638973
8626755
13296322
21071907
4459795
15382546
20201880
5771498
19135805
142138
12975452
13912961
13795219
6128720
2891908
8728111
20537691
16281770
12346271
1663365
5200095
9309085
16099970
17914623
8571317
20170425
493596
18649542
16306892
