16/3 16/3 16/3 16/3 16/3 16/3 16/3 16/3 16/3 9/1 
