29
3
12
15
16
17
23
29
31
33
34
38
42
45
49
52
65
78
85
87
91
96
98
99
100
101
102
103
104
105
