157
2
3
4
33
40
46
55
62
65
66
68
77
78
81
84
85
99
101
106
107
116
122
125
131
145
152
154
163
167
172
175
183
189
190
191
193
206
207
217
221
228
230
231
235
238
252
257
261
265
266
271
286
296
302
312
323
332
336
346
348
349
351
356
359
361
376
377
385
403
406
407
415
427
440
441
442
450
454
460
462
463
468
469
484
493
505
506
513
516
521
527
528
529
549
551
555
570
572
612
615
617
623
626
629
641
645
650
656
658
660
664
679
680
684
687
688
698
706
739
742
748
757
776
783
785
787
798
807
810
815
827
829
834
850
852
854
857
861
868
870
894
896
898
900
915
931
932
933
951
954
961
964
968
979
982
983
996
