1
2
2 1
4
2 1
3 1
4 3
5
2 1
3 1
4 1
5 1
21
2 1
3 2
4 1
5 4
6 4
7 6
8 1
9 8
10 8
11 10
12 10
13 12
14 12
15 1
16 15
17 15
18 15
19 18
20 18
21 20
34
2 1
3 2
4 2
5 2
6 2
7 2
8 2
9 2
10 2
11 2
12 2
13 2
14 2
15 2
16 2
17 2
18 2
19 2
20 2
21 2
22 2
23 2
24 2
25 2
26 2
27 26
28 26
29 28
30 2
31 30
32 30
33 30
34 30
