541296105797
427825566356
509518086285
357326305352
529456459913
