421921520434111
388067547548722
444765218860611
428641619644714
365451194908410
