544853237504
512522274035
553761773827
606228807544
485285849532
