4 2 3 
4 4 1 
5 0 4 
5 2 2 
5 3 1 
6 0 3 
6 1 2 
6 3 0 
7 1 1 
7 2 0 
8 0 1 
9 0 0 
12
