62
60
64
60
78
65
60
78
73
60
60
60
67
64
63
68
63
64
77
77
