0.416666667
1.083333333
1.916666667
1.083333333