3 19 1 22 6 5 8 7 17 20 15 13 12 21 11 18 9 16 2 10 14 4 
