413173768004
567975039302
538830647946
538867546753
549392938358
