12867801
17641666
2021891
1959525
17720862
8327357
19489613
15970874
176576
7333104
3884822
18732328
14153168
18449904
9776602
15106680
13481495
8748678
10651622
18089245
13784564
2311914
8357261
1864229
9406872
8653076
19490152
5224496
10510736
9808226
7461676
14537127
534143
16755981
16605180
10747494
13946604
1573857
1117292
2541207
199600
1236360
3503177
11601320
797
13516782
14887366
14345573
9155673
9980023
2527146
10548977
14383993
3340687
6772398
9377618
19408417
8877005
15719151
720
16206414
18266366
12500101
3106097
19490301
2533214
16004590
14867486
7987811
2021379
6180793
19490362
4535951
14164894
13764933
4706334
183608
4469011
8877441
1420686
15802672
17607818
2400851
11814350
19482886
6869687
7467014
17191822
10130746
13760584
14012224
842
8825780
18449904
13778831
18711544
2862954
10573827
469878
17735709
