18 356 7521 166952 3854148 91900925 256301193 681149376 229333151 133460718 906089768 277109652 600350404 134339409 469587823 818213940 24425263 816391366 161082659 425387435 84661786 625590634 463427282 101437535 970383425 699898746 718359925 134920222 238535072 10685318 219723196 323407089 589110419 271828731 162371409 776891531 595379486 601080068 835261267 947805971 480105239 490001928 654985468 107207527 657939032 582513880 146360301 287638623 219545573 53298328 381045524 925993 955145947 344349991 334559719 54815125 257345752 678544218 802010751 929749508 814144990 808721398 982409083 657091857 880403789 30459160 324676821 488650185 882325742 907408945 660265921 262535525 265778554 397114533 842005619 405007912 992763039 294186030 368905455 891665906 659508438 782587023 388062 806678733 53569239 856941206 220210378 606982089 100724661 838949579 981965655 375536192 490771390 359723624 429415258 702503105 998216651 393237408 71154503 71154503
