0.004999999995000
0.090000000180000
0.000000000000000