14814848
13474856
13107379
0
10381745
14931227
12696547
0
8203247
0
404624
0
15704342
0
0
0
0
0
15112880
9537935
6403960
5687528
6079031
14926739
14905136
0
14397286
4726151
14856059
3498204
