1
3
12
23
10
0
23
12
7
0
8
8
11
11
9
5
14
1
6
5
0
15
1
28
3
4
9
1
22
2
5
3
6
1
1
2
0
25
31
4
1
0
16
20
26
0
1
23
23
22
