3799328 1422221 7732322 8111523 5675802 1646109 9087140 3543761 2860976 1033349 2009984 2460275
