7113463 4194726 10982451 3611774 3116947 8182870 9078005 10122490 5325709
