0.000000000000
0.000000000000
0.000000000000
0.000000000000
0.000000000000
0.000000000000
0.000000000000
0.000000000000
0.000000000000
0.000000000000
0.000000000000
0.000000000000
0.000000000000
0.327427864618
0.000000000000
0.000000000000
0.000000000000
0.000000000000
0.000000000000
0.000000000000
0.078567744935
0.000000000000
0.100969044990
0.000000000000
0.000000000000
0.000000000000
0.000000000000
0.000000000000
0.064849621096
0.000000000000
0.000000000000
0.143370281213
0.000000000000
0.103527331840
0.000000000000
0.000000000000
0.000000000000
0.000000000000
0.000000000000
0.024497752771
0.088217989638
0.000000000000
0.000000000000
0.000000000000
0.000000000000
0.068572368899
0.000000000000
0.000000000000
0.000000000000
0.000000000000
