0.014114425080
0.006539284613
0.002144495332
0.013776751637
0.014867932405
0.016114403211
0.008304971336
0.011950683512
0.014241598583
0.043972405618
0.047038789831
0.009538971108
0.020108862437
0.007852402793
0.004712049675
0.015115289154
0.005165002841
0.013775039526
0.002419108612
0.004901393035
0.007723856027
0.012849180259
0.016814932665
0.010608380637
0.017446858606
0.029949741396
0.016435332770
0.030813731328
0.044515326699
0.043489761281
0.072617119252
0.050642681592
0.010230079587
0.049292974467
0.029885178982
0.028628419024
0.021865310013
0.006136670589
0.002996228941
0.009996461766
0.008185480156
0.018029789484
0.040379821214
0.025175717147
0.041436686467
0.004659239210
0.022560988254
0.012219491774
0.035994730106
0.001765969966
