9
9
9
11
13
21
21
21
21
21
13
11
9
9
13
13
13
13
13
13
13
13
13
13
13
9
9
11
11
11
17
17
27
27
27
27
27
27
35
35
35
35
35
35
35
35
35
35
35
35
35
35
35
35
35
35
35
35
45
45
45
45
45
45
45
35
35
35
35
41
41
41
41
23
41
41
41
41
41
41
41
41
41
41
41
41
41
41
23
23
23
41
41
33
33
19
19
19
33
