13
0 0 1 0 0 0 0 0 0 0 0 0 0 0 0 
12
0 0 1 1 1 1 0 0 0 0 0 0 0 0 0 
10
1 1 2 2 2 0 0 0 0 0 0 0 0 0 0 
7
3 3 4 4 0 0 0 0 0 0 0 0 0 0 0 
6
7 7 8 0 0 0 0 0 0 0 0 0 0 0 0 
15
0 0 0 0 1 0 0 0 0 0 0 0 0 0 0 
8
1 1 1 1 0 0 0 0 0 0 0 0 0 0 0 
4
2 2 2 0 0 0 0 0 0 0 0 0 0 0 0 
3
60 60 0 0 0 0 0 0 0 0 0 0 0 0 0 
11
0 0 0 1 0 0 0 0 0 0 0 0 0 0 0 
14
1 1 1 1 1 0 0 0 0 0 0 0 0 0 0 
9
2 2 2 2 0 0 0 0 0 0 0 0 0 0 0 
5
0 0 4 0 0 0 0 0 0 0 0 0 0 0 0 
2
4 4 0 0 0 0 0 0 0 0 0 0 0 0 0 
1
960 0 0 0 0 0 0 0 0 0 0 0 0 0 0 
960
