1 1 8 7 8 1
3 5 8 7 8 1
7 7 8 7 8 1
1
7 8 1 3
4
1 1 8 7 8 9
3 5 8 7 8 5
7 7 8 7 8 3
7
