16 27 47 42 29 27 14 38 27 24 23 13 26 20 21 25 22 19 21 19 
