873463811
623902723
374341635
124780547
873463811
