95067616
368129335
83470771
151766557
766559558
995033082
433536905
321779851
696040880
911002780
331894225
970530670
95603808
926099819
624049383
878195073
897938740
544333334
629230512
378567470
375330559
533671444
395399512
956321496
861478785
799405146
551290572
585662723
661744827
900990171
63436023
50493323
865600919
41082211
15111680
631623353
388178687
770733156
995526499
867106471
762919956
628852792
745458959
335617966
38024056
609169487
414849569
849584691
104199125
154924581
101888379
306871803
983956203
139003613
817486235
243149009
971259279
266528901
41461615
226259374
5302849
162543785
303595793
334562692
8964128
804897491
628649324
840965540
799297222
440452235
635964191
376683573
193562743
19916327
645800904
857780922
797235674
508633678
177977020
923703355
96862461
710231564
390054685
822443421
873985634
99595330
56507258
376883745
852557124
868821721
145885666
234100188
510147876
178383496
109899673
777964494
536982276
183277102
925891577
11124872
