6257362517594013314
10745364984604095562
14600491869273615914
6458845049931557037
3123722872206660063
7993213705643351998
17695289963131191726
12115963843868516280
12259055905846814736
3102146494636668188
15105521397732622198
4266339287382122803
12228312688148172254
6097729336528316777
11904975870836636468
4026654019111584320
8958020655186463816
8063497366843945223
4017251801686965503
6118557042085890823
14576113490554760206
18425134814242873159
7893032423053347427
4024011834065884042
11124138885215357932
16399655970576105764
1303340431644916592
10194335639301601795
7293214890293309304
6890924901210019621
