95 95 
179 179 116 
263 263 200 121 
362 362 314 251 172 
435 435 404 356 293 214 
522 522 491 447 399 336 257 
584 604 604 573 529 481 418 339 
648 668 671 671 640 596 548 485 406 
670 690 697 700 700 669 625 577 514 435 
733 760 780 787 790 790 759 715 667 604 525 
809 838 858 865 868 868 837 793 745 682 612 
878 907 925 932 935 935 926 895 851 803 740 
964 993 1011 1009 1015 1018 1018 1009 978 934 886 
1055 1084 1102 1100 1095 1098 1098 1089 1058 1014 966 
1128 1157 1175 1173 1168 1160 1160 1154 1145 1114 1070 
1168 1197 1215 1213 1208 1200 1186 1186 1180 1171 1140 
1264 1293 1311 1309 1304 1296 1282 1267 1261 1252 1241 
1293 1322 1340 1357 1355 1350 1342 1328 1313 1307 1298 
1329 1365 1394 1412 1429 1427 1422 1414 1400 1385 1379 
1365 1401 1430 1448 1465 1463 1458 1450 1441 1427 1412 
1410 1447 1483 1512 1530 1547 1545 1540 1532 1523 1509 
1477 1514 1550 1579 1597 1614 1612 1607 1599 1590 1576 
1539 1576 1612 1641 1659 1676 1674 1669 1661 1652 1638 
1606 1643 1679 1708 1726 1743 1744 1742 1737 1729 1720 
1698 1735 1771 1800 1818 1835 1836 1834 1829 1823 1815 
1754 1791 1828 1864 1893 1911 1928 1929 1927 1922 1916 
1824 1861 1898 1934 1963 1981 1998 1999 1997 1992 1986 
1917 1954 1991 2027 2056 2074 2091 2092 2090 2085 2079 
2015 2052 2089 2125 2154 2172 2189 2190 2188 2183 2177 
2099 2136 2173 2209 2238 2256 2273 2277 2278 2276 2271 
>
>>
>>>
>>>>
>>>>>
>>>>>>
<>>>>>>
<<>>>>>>
<<<>>>>>>
<<<<>>>>>>
<<<<>>>>>>
<<<<>>>>>>
<<><<>>>>>
<<>><>>>>>
<<>>>>>>>>
<<>>>>>>>>
<<>>>>>>>>
<<<>>>>>>>
<<<<>>>>>>
<<<<>>>>>>
<<<<<>>>>>
<<<<<>>>>>
<<<<<>>>>>
<<<<<<>>>>
<<<<<<>>>>
<<<<<<<>>>
<<<<<<<>>>
<<<<<<<>>>
<<<<<<<>>>
<<<<<<<<>>
2271
