1 1 2
1 2 3
1 3 4
1 4 5
1 5 6
1 6 7
1 7 8
1 8 9
1 9 10
1 10 11
2 1 4
2 2 8
2 3 13
2 4 19
2 5 26
2 6 34
2 7 43
2 8 53
2 9 64
2 10 76
3 1 8
3 2 21
3 3 40
3 4 66
3 5 100
3 6 143
3 7 196
3 8 260
3 9 336
3 10 425
4 1 16
4 2 55
4 3 121
4 4 221
4 5 364
4 6 560
4 7 820
4 8 1156
4 9 1581
4 10 2109
5 1 32
5 2 144 -9
5 3 364
5 4 728
5 5 1288
5 6 2108
5 7 3264
5 8 4845
5 9 6954
5 10 9709
6 1 64
6 2 377  -51
6 3 1093  -12
6 4 2380
6 5 4488
6 6 7752
6 7 12597
6 8 19551
6 9 29260
6 10 42504
7 1 128
7 2 987 -234
7 3 3280 -87
7 4 7753 -15
7 5 15504
7 6 28101
7 7 47652
7 8 76912
7 9 119416
7 10 179630
8 1 256
8 2 2584
8 3 9841
8 4 25213 -132
8 5 53296
8 6 100947
8 7 177859
8 8 297275
8 9 476905
8 10 740025
9 1 512
9 2 6765
9 3 29524
9 4 81927
9 5 182688
9 6 360526
9 7 657800
9 8 1134705
9 9 1874730
9 10 2991495
10 1 1024
10 2 17711
10 3 88573
10 4 266110
10 5 625184
10 6 1282735
10 7 2417416
10 8 4292145
10 9 7283640
10 10 11920740
