0 362880 423360 540000 506880 416160 299736 197652 121320 70371 
70371
121320
98826
49956
17340
4224
750
84
9
0
