35011078476910 35011224756349 35011371004909 35011517252307 35011663472271 35011809644974 
