\BOOKMARK [2][]{Outline0.1}{T1}{}% 1
\BOOKMARK [2][]{Outline0.2}{T2}{}% 2
\BOOKMARK [2][]{Outline0.3}{T3}{}% 3
